# **Домашняя работа к занятию «3.5. Файловые системы»**
## _Задача №1_
**Узнайте о sparse (разряженных) файлах.**

_Выполнено_

## _Задача №2_
**Могут ли файлы, являющиеся жесткой ссылкой на один объект, иметь разные права доступа и владельца? Почему?**

Нет, не могут, так как они все ссылаются на один Inode, а метаданные файла, в том числе и права доступа, владельцы хранятся в Inode.


## _Задача №3_
**Сделайте vagrant destroy на имеющийся инстанс Ubuntu. Замените содержимое Vagrantfile следующим:**

```
Vagrant.configure("2") do |config|
  config.vm.box = "bento/ubuntu-20.04"
  config.vm.provider :virtualbox do |vb|
    lvm_experiments_disk0_path = "/tmp/lvm_experiments_disk0.vmdk"
    lvm_experiments_disk1_path = "/tmp/lvm_experiments_disk1.vmdk"
    vb.customize ['createmedium', '--filename', lvm_experiments_disk0_path, '--size', 2560]
    vb.customize ['createmedium', '--filename', lvm_experiments_disk1_path, '--size', 2560]
    vb.customize ['storageattach', :id, '--storagectl', 'SATA Controller', '--port', 1, '--device', 0, '--type', 'hdd', '--medium', lvm_experiments_disk0_path]
    vb.customize ['storageattach', :id, '--storagectl', 'SATA Controller', '--port', 2, '--device', 0, '--type', 'hdd', '--medium', lvm_experiments_disk1_path]
  end
end
```
**Данная конфигурация создаст новую виртуальную машину с двумя дополнительными неразмеченными дисками по 2.5 Гб.**

Новая виртуалка поднялась:
```
root@vagrant:/home/vagrant# fdisk -l
Disk /dev/sda: 64 GiB, 68719476736 bytes, 134217728 sectors
Disk model: VBOX HARDDISK
Units: sectors of 1 * 512 = 512 bytes
Sector size (logical/physical): 512 bytes / 512 bytes
I/O size (minimum/optimal): 512 bytes / 512 bytes
Disklabel type: dos
Disk identifier: 0x3f94c461

Device     Boot   Start       End   Sectors  Size Id Type
/dev/sda1  *       2048   1050623   1048576  512M  b W95 FAT32
/dev/sda2       1052670 134215679 133163010 63.5G  5 Extended
/dev/sda5       1052672 134215679 133163008 63.5G 8e Linux LVM


Disk /dev/sdb: 2.51 GiB, 2684354560 bytes, 5242880 sectors
Disk model: VBOX HARDDISK
Units: sectors of 1 * 512 = 512 bytes
Sector size (logical/physical): 512 bytes / 512 bytes
I/O size (minimum/optimal): 512 bytes / 512 bytes


Disk /dev/sdc: 2.51 GiB, 2684354560 bytes, 5242880 sectors
Disk model: VBOX HARDDISK
Units: sectors of 1 * 512 = 512 bytes
Sector size (logical/physical): 512 bytes / 512 bytes
I/O size (minimum/optimal): 512 bytes / 512 bytes


Disk /dev/mapper/vgvagrant-root: 62.55 GiB, 67150807040 bytes, 131153920 sectors
Units: sectors of 1 * 512 = 512 bytes
Sector size (logical/physical): 512 bytes / 512 bytes
I/O size (minimum/optimal): 512 bytes / 512 bytes


Disk /dev/mapper/vgvagrant-swap_1: 980 MiB, 1027604480 bytes, 2007040 sectors
Units: sectors of 1 * 512 = 512 bytes
Sector size (logical/physical): 512 bytes / 512 bytes
I/O size (minimum/optimal): 512 bytes / 512 bytes
```